## stats
files=6 symbols=16 references=14 relations=6 skipped=0
lang typescript=6
## symbols
symbol Broken kind=class lang=typescript qualified="Broken" receiver="" exported=true @broken.ts:1:8-5:26
symbol Draft kind=class lang=typescript qualified="Draft" receiver="" exported=true @draft.ts:3:8-5:2
symbol save kind=method lang=typescript qualified="Draft.save" receiver="Draft" exported=true @draft.ts:4:3-4:18
symbol Repository kind=class lang=typescript qualified="Repository" receiver="" exported=true @repository.ts:3:8-9:2
symbol find kind=method lang=typescript qualified="Repository.find" receiver="Repository" exported=true @repository.ts:4:3-8:4
symbol UserService kind=class lang=typescript qualified="UserService" receiver="" exported=true @service.ts:4:8-13:2
symbol repo kind=property lang=typescript qualified="UserService.repo" receiver="UserService" exported=false @service.ts:5:3-5:34
symbol create kind=method lang=typescript qualified="UserService.create" receiver="UserService" exported=true @service.ts:7:3-12:4
symbol Account kind=interface lang=typescript qualified="Account" receiver="" exported=true @user.ts:1:8-4:2
symbol id kind=property lang=typescript qualified="Account.id" receiver="Account" exported=true @user.ts:2:3-2:13
symbol name kind=property lang=typescript qualified="Account.name" receiver="Account" exported=true @user.ts:3:3-3:15
symbol User kind=class lang=typescript qualified="User" receiver="" exported=true @user.ts:6:8-11:2
symbol id kind=property lang=typescript qualified="User.id" receiver="User" exported=true @user.ts:7:3-7:9
symbol name kind=property lang=typescript qualified="User.name" receiver="User" exported=true @user.ts:8:3-8:12
symbol save kind=method lang=typescript qualified="User.save" receiver="User" exported=true @user.ts:10:3-10:18
symbol DEFAULT_ROLE kind=constant lang=typescript qualified="DEFAULT_ROLE" receiver="" exported=true @user.ts:13:14-13:37
## references
ref ./user kind=import container="" receiver="" call=false @repository.ts:1:1-1:31
ref User kind=type_use container="Repository.find" receiver="" call=false @repository.ts:4:21-4:25
ref User kind=construction container="Repository.find" receiver="" call=false @repository.ts:5:19-5:23
ref ./service kind=import container="" receiver="" call=false @service.test.ts:1:1-1:41
ref test kind=call container="" receiver="" call=true @service.test.ts:3:1-3:5
ref UserService kind=construction container="" receiver="" call=false @service.test.ts:4:17-4:28
ref create kind=call container="" receiver="s" receiver_type="UserService" call=true @service.test.ts:5:5-5:11
ref ./repository kind=import container="" receiver="" call=false @service.ts:1:1-1:43
ref ./user kind=import container="" receiver="" call=false @service.ts:2:1-2:31
ref Repository kind=construction container="UserService.repo" receiver="" call=false @service.ts:5:22-5:32
ref User kind=construction container="UserService.create" receiver="" call=false @service.ts:8:19-8:23
ref find kind=call container="UserService.create" receiver="this.repo" receiver_type="Repository" call=true @service.ts:10:29-10:33
ref save kind=call container="UserService.create" receiver="found" call=true @service.ts:11:11-11:15
ref Account kind=implementation container="User" receiver="" call=false @user.ts:6:30-6:37
## edges
edge Repository.find -calls-> User confidence=exact evidence=[module_binding:"User" bound by import (repository.ts ← "./user" → user.ts exports "User")]
edge Repository.find -uses_type-> User confidence=exact evidence=[module_binding:"User" bound by import (repository.ts ← "./user" → user.ts exports "User")]
edge User -implements-> Account confidence=exact evidence=[same_file:symbol "Account" defined in same file user.ts]
edge UserService.create -calls-> Repository.find confidence=exact evidence=[receiver_type:receiver "this.repo" declared as "Repository"]
edge UserService.create -calls-> User confidence=exact evidence=[module_binding:"User" bound by import (service.ts ← "./user" → user.ts exports "User")]
edge UserService.repo -calls-> Repository confidence=exact evidence=[module_binding:"Repository" bound by import (service.ts ← "./repository" → repository.ts exports "Repository")]
## diagnostics
diag error code=parse_error "parse error: this region is not analyzed as written (the parser rejected it; the source itself may be valid)" @broken.ts:2:3-5:25
