## stats
files=6 symbols=6 references=12 relations=0 skipped=0
lang typescript=6
## symbols
symbol Draft kind=class lang=typescript qualified="Draft" receiver="" exported=true @draft.ts:3:8-5:2
symbol Repository kind=class lang=typescript qualified="Repository" receiver="" exported=true @repository.ts:3:8-9:2
symbol UserService kind=class lang=typescript qualified="UserService" receiver="" exported=true @service.ts:4:8-13:2
symbol Account kind=interface lang=typescript qualified="Account" receiver="" exported=true @user.ts:1:8-4:2
symbol User kind=class lang=typescript qualified="User" receiver="" exported=true @user.ts:6:8-11:2
symbol DEFAULT_ROLE kind=constant lang=typescript qualified="DEFAULT_ROLE" receiver="" exported=true @user.ts:13:14-13:37
## references
ref ./user kind=import container="" receiver="" call=false @repository.ts:1:1-1:31
ref User kind=construction container="find" receiver="" call=false @repository.ts:5:15-5:25
ref ./service kind=import container="" receiver="" call=false @service.test.ts:1:1-1:41
ref test kind=call container="" receiver="" call=true @service.test.ts:3:1-3:5
ref UserService kind=construction container="" receiver="" call=false @service.test.ts:4:13-4:30
ref create kind=call container="" receiver="s" call=true @service.test.ts:5:3-5:11
ref ./repository kind=import container="" receiver="" call=false @service.ts:1:1-1:43
ref ./user kind=import container="" receiver="" call=false @service.ts:2:1-2:31
ref Repository kind=construction container="" receiver="" call=false @service.ts:5:18-5:34
ref User kind=construction container="create" receiver="" call=false @service.ts:8:15-8:25
ref find kind=call container="create" receiver="this.repo" call=true @service.ts:10:19-10:33
ref save kind=call container="create" receiver="found" call=true @service.ts:11:5-11:15
## edges
## diagnostics
