## stats
files=6 symbols=11 references=10 relations=5 skipped=0
lang go=6
## symbols
symbol Broken kind=function lang=go qualified="Broken" receiver="" exported=true @broken.go:3:1-5:15
symbol Draft kind=struct lang=go qualified="Draft" receiver="" exported=true @draft.go:5:6-5:20
symbol Save kind=method lang=go qualified="Draft.Save" receiver="Draft" exported=true @draft.go:8:1-10:2
symbol Repository kind=struct lang=go qualified="Repository" receiver="" exported=true @repository.go:6:6-6:25
symbol Find kind=method lang=go qualified="Repository.Find" receiver="Repository" exported=true @repository.go:9:1-12:2
symbol UserService kind=struct lang=go qualified="UserService" receiver="" exported=true @service.go:4:6-6:2
symbol Create kind=method lang=go qualified="UserService.Create" receiver="UserService" exported=true @service.go:9:1-13:2
symbol TestCreate kind=function lang=go qualified="TestCreate" receiver="" exported=true @service_test.go:5:1-10:2
symbol User kind=struct lang=go qualified="User" receiver="" exported=true @user.go:4:6-7:2
symbol Save kind=method lang=go qualified="User.Save" receiver="User" exported=true @user.go:10:1-12:2
symbol DefaultRole kind=constant lang=go qualified="DefaultRole" receiver="" exported=true @user.go:14:7-14:29
## references
ref fmt kind=import container="" receiver="" call=false @repository.go:3:8-3:13
ref Println kind=call container="Repository.Find" receiver="fmt" call=true @repository.go:10:2-10:13
ref User kind=construction container="Repository.Find" receiver="" call=false @repository.go:11:10-11:14
ref User kind=construction container="UserService.Create" receiver="" call=false @service.go:10:7-10:11
ref Find kind=call container="UserService.Create" receiver="s.repo" call=true @service.go:11:11-11:22
ref Save kind=call container="UserService.Create" receiver="found" call=true @service.go:12:9-12:19
ref testing kind=import container="" receiver="" call=false @service_test.go:3:8-3:17
ref UserService kind=construction container="TestCreate" receiver="" call=false @service_test.go:6:8-6:19
ref Create kind=call container="TestCreate" receiver="s" call=true @service_test.go:7:12-7:20
ref Fatal kind=call container="TestCreate" receiver="t" call=true @service_test.go:8:3-8:10
## edges
edge Repository.Find -calls-> User confidence=strong evidence=[same_package:symbol "User" found in same package as repository.go]
edge TestCreate -calls-> UserService confidence=strong evidence=[same_package:symbol "UserService" found in same package as service_test.go]
edge TestCreate -calls-> UserService.Create confidence=strong evidence=[same_package:symbol "Create" found in same package as service_test.go]
edge UserService.Create -calls-> Repository.Find confidence=strong evidence=[same_package:symbol "Find" found in same package as service.go]
edge UserService.Create -calls-> User confidence=strong evidence=[same_package:symbol "User" found in same package as service.go]
## diagnostics
